# Architecture

## Technology View

| Area | Signals |
|---|---|
| Languages | go, javascript, python |
| Frameworks | express, fastapi, gin, react |
| Package managers | go, npm, pip |
| Infrastructure | docker, env-file, postgres, redis |

## Layer Diagram

~~~mermaid
graph TD
Controllers --> Services
Services --> Repositories
Repositories --> Database
~~~

## Project Structure Signals
| Path | Files | Source | Tests |
|---|---|---|---|
| root | 8 | 1 | 0 |
| internal/server | 1 | 1 | 0 |
| internal/store | 1 | 1 | 0 |
| py | 2 | 2 | 0 |
| web | 2 | 2 | 0 |
